Copyright 1986-2018 Xilinx, Inc. All Rights Reserved.
-------------------------------------------------------------------------------------------------
| Tool Version : Vivado v.2018.3 (win64) Build 2405991 Thu Dec  6 23:38:27 MST 2018
| Date         : Sun Jul 30 10:55:49 2023
| Host         : LAPTOP-UFGHG504 running 64-bit major release  (build 9200)
| Command      : report_utilization -file top_utilization_synth.rpt -pb top_utilization_synth.pb
| Design       : top
| Device       : 7z020clg400-2
| Design State : Synthesized
-------------------------------------------------------------------------------------------------

Utilization Design Information

Table of Contents
-----------------
1. Slice Logic
1.1 Summary of Registers by Type
2. Memory
3. DSP
4. IO and GT Specific
5. Clocking
6. Specific Feature
7. Primitives
8. Black Boxes
9. Instantiated Netlists

1. Slice Logic
--------------

+----------------------------+-------+-------+-----------+-------+
|          Site Type         |  Used | Fixed | Available | Util% |
+----------------------------+-------+-------+-----------+-------+
| Slice LUTs*                | 20929 |     0 |     53200 | 39.34 |
|   LUT as Logic             | 18815 |     0 |     53200 | 35.37 |
|   LUT as Memory            |  2114 |     0 |     17400 | 12.15 |
|     LUT as Distributed RAM |     0 |     0 |           |       |
|     LUT as Shift Register  |  2114 |     0 |           |       |
| Slice Registers            | 27805 |     0 |    106400 | 26.13 |
|   Register as Flip Flop    | 22697 |     0 |    106400 | 21.33 |
|   Register as Latch        |  5108 |     0 |    106400 |  4.80 |
| F7 Muxes                   |   384 |     0 |     26600 |  1.44 |
| F8 Muxes                   |     0 |     0 |     13300 |  0.00 |
+----------------------------+-------+-------+-----------+-------+
* Warning! The Final LUT count, after physical optimizations and full implementation, is typically lower. Run opt_design after synthesis, if not already completed, for a more realistic count.


1.1 Summary of Registers by Type
--------------------------------

+-------+--------------+-------------+--------------+
| Total | Clock Enable | Synchronous | Asynchronous |
+-------+--------------+-------------+--------------+
| 0     |            _ |           - |            - |
| 0     |            _ |           - |          Set |
| 0     |            _ |           - |        Reset |
| 0     |            _ |         Set |            - |
| 0     |            _ |       Reset |            - |
| 0     |          Yes |           - |            - |
| 1     |          Yes |           - |          Set |
| 13885 |          Yes |           - |        Reset |
| 0     |          Yes |         Set |            - |
| 13919 |          Yes |       Reset |            - |
+-------+--------------+-------------+--------------+


2. Memory
---------

+----------------+------+-------+-----------+-------+
|    Site Type   | Used | Fixed | Available | Util% |
+----------------+------+-------+-----------+-------+
| Block RAM Tile |    0 |     0 |       140 |  0.00 |
|   RAMB36/FIFO* |    0 |     0 |       140 |  0.00 |
|   RAMB18       |    0 |     0 |       280 |  0.00 |
+----------------+------+-------+-----------+-------+
* Note: Each Block RAM Tile only has one FIFO logic available and therefore can accommodate only one FIFO36E1 or one FIFO18E1. However, if a FIFO18E1 occupies a Block RAM Tile, that tile can still accommodate a RAMB18E1


3. DSP
------

+----------------+------+-------+-----------+-------+
|    Site Type   | Used | Fixed | Available | Util% |
+----------------+------+-------+-----------+-------+
| DSPs           |    9 |     0 |       220 |  4.09 |
|   DSP48E1 only |    9 |       |           |       |
+----------------+------+-------+-----------+-------+


4. IO and GT Specific
---------------------

+-----------------------------+------+-------+-----------+-------+
|          Site Type          | Used | Fixed | Available | Util% |
+-----------------------------+------+-------+-----------+-------+
| Bonded IOB                  |   18 |     0 |       125 | 14.40 |
| Bonded IPADs                |    0 |     0 |         2 |  0.00 |
| Bonded IOPADs               |    0 |     0 |       130 |  0.00 |
| PHY_CONTROL                 |    0 |     0 |         4 |  0.00 |
| PHASER_REF                  |    0 |     0 |         4 |  0.00 |
| OUT_FIFO                    |    0 |     0 |        16 |  0.00 |
| IN_FIFO                     |    0 |     0 |        16 |  0.00 |
| IDELAYCTRL                  |    0 |     0 |         4 |  0.00 |
| IBUFDS                      |    0 |     0 |       121 |  0.00 |
| PHASER_OUT/PHASER_OUT_PHY   |    0 |     0 |        16 |  0.00 |
| PHASER_IN/PHASER_IN_PHY     |    0 |     0 |        16 |  0.00 |
| IDELAYE2/IDELAYE2_FINEDELAY |    0 |     0 |       200 |  0.00 |
| ILOGIC                      |    0 |     0 |       125 |  0.00 |
| OLOGIC                      |    0 |     0 |       125 |  0.00 |
+-----------------------------+------+-------+-----------+-------+


5. Clocking
-----------

+------------+------+-------+-----------+-------+
|  Site Type | Used | Fixed | Available | Util% |
+------------+------+-------+-----------+-------+
| BUFGCTRL   |    3 |     0 |        32 |  9.38 |
| BUFIO      |    0 |     0 |        16 |  0.00 |
| MMCME2_ADV |    0 |     0 |         4 |  0.00 |
| PLLE2_ADV  |    0 |     0 |         4 |  0.00 |
| BUFMRCE    |    0 |     0 |         8 |  0.00 |
| BUFHCE     |    0 |     0 |        72 |  0.00 |
| BUFR       |    0 |     0 |        16 |  0.00 |
+------------+------+-------+-----------+-------+


6. Specific Feature
-------------------

+-------------+------+-------+-----------+-------+
|  Site Type  | Used | Fixed | Available | Util% |
+-------------+------+-------+-----------+-------+
| BSCANE2     |    0 |     0 |         4 |  0.00 |
| CAPTUREE2   |    0 |     0 |         1 |  0.00 |
| DNA_PORT    |    0 |     0 |         1 |  0.00 |
| EFUSE_USR   |    0 |     0 |         1 |  0.00 |
| FRAME_ECCE2 |    0 |     0 |         1 |  0.00 |
| ICAPE2      |    0 |     0 |         2 |  0.00 |
| STARTUPE2   |    0 |     0 |         1 |  0.00 |
| XADC        |    0 |     0 |         1 |  0.00 |
+-------------+------+-------+-----------+-------+


7. Primitives
-------------

+----------+-------+---------------------+
| Ref Name |  Used | Functional Category |
+----------+-------+---------------------+
| FDRE     | 13919 |        Flop & Latch |
| LUT2     |  8964 |                 LUT |
| FDCE     |  8777 |        Flop & Latch |
| LUT3     |  7058 |                 LUT |
| LDCE     |  5108 |        Flop & Latch |
| LUT4     |  4725 |                 LUT |
| LUT5     |  3615 |                 LUT |
| CARRY4   |  3490 |          CarryLogic |
| LUT6     |  2100 |                 LUT |
| SRL16E   |  1282 |  Distributed Memory |
| SRLC32E  |   832 |  Distributed Memory |
| LUT1     |   671 |                 LUT |
| MUXF7    |   384 |               MuxFx |
| OBUF     |    16 |                  IO |
| DSP48E1  |     9 |    Block Arithmetic |
| BUFG     |     3 |               Clock |
| IBUF     |     2 |                  IO |
| FDPE     |     1 |        Flop & Latch |
+----------+-------+---------------------+


8. Black Boxes
--------------

+---------------------------------------+------+
|                Ref Name               | Used |
+---------------------------------------+------+
| DSP48E1_AaDmB_2clk                    |  144 |
| rom_pic                               |   16 |
| DSP48_AaC1_LUT                        |   14 |
| DSP48_AmBW1                           |    5 |
| FIFO_MATRIX_BRAM_32BIT_512DEEP        |    4 |
| FIFO_ADD_QUANT_MAP_BRAM_32BIT_512DEEP |    4 |
| FIFO_MAP_BRAM_32BIT_512DEEP           |    2 |
| FIFO_WEIGHT_BRAN_32BIT_512DEEP        |    1 |
| FIFO_BIAS_DRAM_16BIT_16DEEP           |    1 |
+---------------------------------------+------+


9. Instantiated Netlists
------------------------

+----------+------+
| Ref Name | Used |
+----------+------+


