Copyright 1986-2018 Xilinx, Inc. All Rights Reserved.
------------------------------------------------------------------------------------
| Tool Version : Vivado v.2018.3 (win64) Build 2405991 Thu Dec  6 23:38:27 MST 2018
| Date         : Sun Jul 30 10:58:56 2023
| Host         : LAPTOP-UFGHG504 running 64-bit major release  (build 9200)
| Command      : report_control_sets -verbose -file top_control_sets_placed.rpt
| Design       : top
| Device       : xc7z020
------------------------------------------------------------------------------------

Control Set Information

Table of Contents
-----------------
1. Summary
2. Histogram
3. Flip-Flop Distribution
4. Detailed Control Set Information

1. Summary
----------

+----------------------------------------------------------+-------+
|                          Status                          | Count |
+----------------------------------------------------------+-------+
| Number of unique control sets                            |   191 |
| Unused register locations in slices containing registers |   437 |
+----------------------------------------------------------+-------+


2. Histogram
------------

+--------+--------------+
| Fanout | Control Sets |
+--------+--------------+
|      2 |           24 |
|      3 |           12 |
|      8 |            2 |
|      9 |           13 |
|     10 |            2 |
|     12 |            1 |
|    16+ |          137 |
+--------+--------------+


3. Flip-Flop Distribution
-------------------------

+--------------+-----------------------+------------------------+-----------------+--------------+
| Clock Enable | Synchronous Set/Reset | Asynchronous Set/Reset | Total Registers | Total Slices |
+--------------+-----------------------+------------------------+-----------------+--------------+
| No           | No                    | No                     |           15565 |         4337 |
| No           | No                    | Yes                    |            8806 |         2466 |
| No           | Yes                   | No                     |              24 |            7 |
| Yes          | No                    | No                     |            3513 |         1172 |
| Yes          | No                    | Yes                    |             743 |          164 |
| Yes          | Yes                   | No                     |               0 |            0 |
+--------------+-----------------------+------------------------+-----------------+--------------+


4. Detailed Control Set Information
-----------------------------------

+------------------------------------------------------------+---------------------------------------------------------------------------------------------------------------------------------------------------------------+-----------------------------------------------------------------------------------------------------------------------------------------------------------------------------------------------------------+------------------+----------------+
|                        Clock Signal                        |                                                                         Enable Signal                                                                         |                                                                                              Set/Reset Signal                                                                                             | Slice Load Count | Bel Load Count |
+------------------------------------------------------------+---------------------------------------------------------------------------------------------------------------------------------------------------------------+-----------------------------------------------------------------------------------------------------------------------------------------------------------------------------------------------------------+------------------+----------------+
|  sys_clk_IBUF_BUFG                                         |                                                                                                                                                               | FIFO_ADD_QUANT_MAP_BRAM_32BIT_512DEEP[3].u_FIFO_ADD_QUANT_MAP_BRAM_32BIT_512DEEP/U0/inst_fifo_gen/gconvfifo.rf/grf.rf/rstblk/rst_d2                                                                       |                1 |              2 |
|  sys_clk_IBUF_BUFG                                         |                                                                                                                                                               | FIFO_ADD_QUANT_MAP_BRAM_32BIT_512DEEP[3].u_FIFO_ADD_QUANT_MAP_BRAM_32BIT_512DEEP/U0/inst_fifo_gen/gconvfifo.rf/grf.rf/rstblk/ngwrdrst.grst.g7serrst.gnsckt_wrst.gic_rst.sckt_rd_rst_ic_reg_0[0]           |                1 |              2 |
|  sys_clk_IBUF_BUFG                                         |                                                                                                                                                               | FIFO_MATRIX_BRAM_32BIT_512DEEP_b[0].u_FIFO_MATRIX_BRAM_32BIT_512DEEP_b/U0/inst_fifo_gen/gconvfifo.rf/grf.rf/rstblk/ngwrdrst.grst.g7serrst.gnsckt_wrst.gic_rst.sckt_rd_rst_ic_reg_0[0]                     |                1 |              2 |
|  sys_clk_IBUF_BUFG                                         |                                                                                                                                                               | FIFO_WEIGHT_BRAM_32BIT_512DEEP[0].u_FIFO_WEIGHT_BRAN_32BIT_512DEEP/U0/inst_fifo_gen/gconvfifo.rf/grf.rf/rstblk/rst_d2                                                                                     |                1 |              2 |
|  sys_clk_IBUF_BUFG                                         |                                                                                                                                                               | FIFO_WEIGHT_BRAM_32BIT_512DEEP[0].u_FIFO_WEIGHT_BRAN_32BIT_512DEEP/U0/inst_fifo_gen/gconvfifo.rf/grf.rf/rstblk/ngwrdrst.grst.g7serrst.gnsckt_wrst.gic_rst.sckt_rd_rst_ic_reg_0[0]                         |                1 |              2 |
|  sys_clk_IBUF_BUFG                                         |                                                                                                                                                               | FIFO_MATRIX_BRAM_32BIT_512DEEP_b[1].u_FIFO_MATRIX_BRAM_32BIT_512DEEP_b/U0/inst_fifo_gen/gconvfifo.rf/grf.rf/rstblk/rst_d2                                                                                 |                1 |              2 |
|  sys_clk_IBUF_BUFG                                         |                                                                                                                                                               | FIFO_ADD_QUANT_MAP_BRAM_32BIT_512DEEP[2].u_FIFO_ADD_QUANT_MAP_BRAM_32BIT_512DEEP/U0/inst_fifo_gen/gconvfifo.rf/grf.rf/rstblk/rst_d2                                                                       |                1 |              2 |
|  sys_clk_IBUF_BUFG                                         |                                                                                                                                                               | u_FIFO_BIAS_DRAM_16BIT_16DEEP/U0/inst_fifo_gen/gconvfifo.rf/grf.rf/rstblk/rst_d2                                                                                                                          |                1 |              2 |
|  sys_clk_IBUF_BUFG                                         |                                                                                                                                                               | u_FIFO_BIAS_DRAM_16BIT_16DEEP/U0/inst_fifo_gen/gconvfifo.rf/grf.rf/rstblk/ngwrdrst.grst.g7serrst.gnsckt_wrst.gic_rst.sckt_rd_rst_ic_reg_0[0]                                                              |                1 |              2 |
|  sys_clk_IBUF_BUFG                                         |                                                                                                                                                               | FIFO_MATRIX_BRAM_32BIT_512DEEP_b[1].u_FIFO_MATRIX_BRAM_32BIT_512DEEP_b/U0/inst_fifo_gen/gconvfifo.rf/grf.rf/rstblk/ngwrdrst.grst.g7serrst.gnsckt_wrst.gic_rst.sckt_rd_rst_ic_reg_0[0]                     |                1 |              2 |
|  sys_clk_IBUF_BUFG                                         |                                                                                                                                                               | FIFO_ADD_QUANT_MAP_BRAM_32BIT_512DEEP[2].u_FIFO_ADD_QUANT_MAP_BRAM_32BIT_512DEEP/U0/inst_fifo_gen/gconvfifo.rf/grf.rf/rstblk/ngwrdrst.grst.g7serrst.gnsckt_wrst.gic_rst.sckt_rd_rst_ic_reg_0[0]           |                1 |              2 |
|  sys_clk_IBUF_BUFG                                         |                                                                                                                                                               | FIFO_MAP_BRAM_32BIT_512DEEP[0].u_FIFO_MAP_BRAM_32BIT_512DEEP/U0/inst_fifo_gen/gconvfifo.rf/grf.rf/rstblk/rst_d2                                                                                           |                1 |              2 |
|  sys_clk_IBUF_BUFG                                         |                                                                                                                                                               | FIFO_MAP_BRAM_32BIT_512DEEP[0].u_FIFO_MAP_BRAM_32BIT_512DEEP/U0/inst_fifo_gen/gconvfifo.rf/grf.rf/rstblk/ngwrdrst.grst.g7serrst.gnsckt_wrst.gic_rst.sckt_rd_rst_ic_reg_0[0]                               |                1 |              2 |
|  sys_clk_IBUF_BUFG                                         |                                                                                                                                                               | FIFO_ADD_QUANT_MAP_BRAM_32BIT_512DEEP[0].u_FIFO_ADD_QUANT_MAP_BRAM_32BIT_512DEEP/U0/inst_fifo_gen/gconvfifo.rf/grf.rf/rstblk/ngwrdrst.grst.g7serrst.gnsckt_wrst.gic_rst.sckt_rd_rst_ic_reg_0[0]           |                1 |              2 |
|  sys_clk_IBUF_BUFG                                         |                                                                                                                                                               | FIFO_ADD_QUANT_MAP_BRAM_32BIT_512DEEP[0].u_FIFO_ADD_QUANT_MAP_BRAM_32BIT_512DEEP/U0/inst_fifo_gen/gconvfifo.rf/grf.rf/rstblk/rst_d2                                                                       |                1 |              2 |
|  sys_clk_IBUF_BUFG                                         |                                                                                                                                                               | FIFO_MAP_BRAM_32BIT_512DEEP[1].u_FIFO_MAP_BRAM_32BIT_512DEEP/U0/inst_fifo_gen/gconvfifo.rf/grf.rf/rstblk/rst_d2                                                                                           |                1 |              2 |
|  sys_clk_IBUF_BUFG                                         |                                                                                                                                                               | FIFO_MAP_BRAM_32BIT_512DEEP[1].u_FIFO_MAP_BRAM_32BIT_512DEEP/U0/inst_fifo_gen/gconvfifo.rf/grf.rf/rstblk/ngwrdrst.grst.g7serrst.gnsckt_wrst.gic_rst.sckt_rd_rst_ic_reg_0[0]                               |                1 |              2 |
|  sys_clk_IBUF_BUFG                                         |                                                                                                                                                               | FIFO_MATRIX_BRAM_32BIT_512DEEP_a[0].u_FIFO_MATRIX_BRAM_32BIT_512DEEP_a/U0/inst_fifo_gen/gconvfifo.rf/grf.rf/rstblk/rst_d2                                                                                 |                1 |              2 |
|  sys_clk_IBUF_BUFG                                         |                                                                                                                                                               | FIFO_MATRIX_BRAM_32BIT_512DEEP_a[0].u_FIFO_MATRIX_BRAM_32BIT_512DEEP_a/U0/inst_fifo_gen/gconvfifo.rf/grf.rf/rstblk/ngwrdrst.grst.g7serrst.gnsckt_wrst.gic_rst.sckt_rd_rst_ic_reg_0[0]                     |                1 |              2 |
|  sys_clk_IBUF_BUFG                                         |                                                                                                                                                               | FIFO_ADD_QUANT_MAP_BRAM_32BIT_512DEEP[1].u_FIFO_ADD_QUANT_MAP_BRAM_32BIT_512DEEP/U0/inst_fifo_gen/gconvfifo.rf/grf.rf/rstblk/rst_d2                                                                       |                1 |              2 |
|  sys_clk_IBUF_BUFG                                         |                                                                                                                                                               | FIFO_MATRIX_BRAM_32BIT_512DEEP_a[1].u_FIFO_MATRIX_BRAM_32BIT_512DEEP_a/U0/inst_fifo_gen/gconvfifo.rf/grf.rf/rstblk/ngwrdrst.grst.g7serrst.gnsckt_wrst.gic_rst.sckt_rd_rst_ic_reg_0[0]                     |                1 |              2 |
|  sys_clk_IBUF_BUFG                                         |                                                                                                                                                               | FIFO_ADD_QUANT_MAP_BRAM_32BIT_512DEEP[1].u_FIFO_ADD_QUANT_MAP_BRAM_32BIT_512DEEP/U0/inst_fifo_gen/gconvfifo.rf/grf.rf/rstblk/ngwrdrst.grst.g7serrst.gnsckt_wrst.gic_rst.sckt_rd_rst_ic_reg_0[0]           |                1 |              2 |
|  sys_clk_IBUF_BUFG                                         |                                                                                                                                                               | FIFO_MATRIX_BRAM_32BIT_512DEEP_a[1].u_FIFO_MATRIX_BRAM_32BIT_512DEEP_a/U0/inst_fifo_gen/gconvfifo.rf/grf.rf/rstblk/rst_d2                                                                                 |                1 |              2 |
|  sys_clk_IBUF_BUFG                                         |                                                                                                                                                               | FIFO_MATRIX_BRAM_32BIT_512DEEP_b[0].u_FIFO_MATRIX_BRAM_32BIT_512DEEP_b/U0/inst_fifo_gen/gconvfifo.rf/grf.rf/rstblk/rst_d2                                                                                 |                1 |              2 |
|  sys_clk_IBUF_BUFG                                         |                                                                                                                                                               | FIFO_WEIGHT_BRAM_32BIT_512DEEP[0].u_FIFO_WEIGHT_BRAN_32BIT_512DEEP/U0/inst_fifo_gen/gconvfifo.rf/grf.rf/rstblk/ngwrdrst.grst.g7serrst.gnsckt_wrst.gic_rst.rst_rd_reg2_inst/arststages_ff[1]               |                2 |              3 |
|  sys_clk_IBUF_BUFG                                         |                                                                                                                                                               | u_FIFO_BIAS_DRAM_16BIT_16DEEP/U0/inst_fifo_gen/gconvfifo.rf/grf.rf/rstblk/ngwrdrst.grst.g7serrst.gnsckt_wrst.gic_rst.rst_rd_reg2_inst/arststages_ff[1]                                                    |                2 |              3 |
|  sys_clk_IBUF_BUFG                                         |                                                                                                                                                               | FIFO_ADD_QUANT_MAP_BRAM_32BIT_512DEEP[0].u_FIFO_ADD_QUANT_MAP_BRAM_32BIT_512DEEP/U0/inst_fifo_gen/gconvfifo.rf/grf.rf/rstblk/ngwrdrst.grst.g7serrst.gnsckt_wrst.gic_rst.rst_rd_reg2_inst/arststages_ff[1] |                2 |              3 |
|  sys_clk_IBUF_BUFG                                         |                                                                                                                                                               | FIFO_ADD_QUANT_MAP_BRAM_32BIT_512DEEP[1].u_FIFO_ADD_QUANT_MAP_BRAM_32BIT_512DEEP/U0/inst_fifo_gen/gconvfifo.rf/grf.rf/rstblk/ngwrdrst.grst.g7serrst.gnsckt_wrst.gic_rst.rst_rd_reg2_inst/arststages_ff[1] |                1 |              3 |
|  sys_clk_IBUF_BUFG                                         |                                                                                                                                                               | FIFO_ADD_QUANT_MAP_BRAM_32BIT_512DEEP[3].u_FIFO_ADD_QUANT_MAP_BRAM_32BIT_512DEEP/U0/inst_fifo_gen/gconvfifo.rf/grf.rf/rstblk/ngwrdrst.grst.g7serrst.gnsckt_wrst.gic_rst.rst_rd_reg2_inst/arststages_ff[1] |                1 |              3 |
|  sys_clk_IBUF_BUFG                                         |                                                                                                                                                               | FIFO_MATRIX_BRAM_32BIT_512DEEP_b[0].u_FIFO_MATRIX_BRAM_32BIT_512DEEP_b/U0/inst_fifo_gen/gconvfifo.rf/grf.rf/rstblk/ngwrdrst.grst.g7serrst.gnsckt_wrst.gic_rst.rst_rd_reg2_inst/arststages_ff[1]           |                1 |              3 |
|  sys_clk_IBUF_BUFG                                         |                                                                                                                                                               | FIFO_ADD_QUANT_MAP_BRAM_32BIT_512DEEP[2].u_FIFO_ADD_QUANT_MAP_BRAM_32BIT_512DEEP/U0/inst_fifo_gen/gconvfifo.rf/grf.rf/rstblk/ngwrdrst.grst.g7serrst.gnsckt_wrst.gic_rst.rst_rd_reg2_inst/arststages_ff[1] |                2 |              3 |
|  sys_clk_IBUF_BUFG                                         |                                                                                                                                                               | FIFO_MAP_BRAM_32BIT_512DEEP[0].u_FIFO_MAP_BRAM_32BIT_512DEEP/U0/inst_fifo_gen/gconvfifo.rf/grf.rf/rstblk/ngwrdrst.grst.g7serrst.gnsckt_wrst.gic_rst.rst_rd_reg2_inst/arststages_ff[1]                     |                2 |              3 |
|  sys_clk_IBUF_BUFG                                         |                                                                                                                                                               | FIFO_MAP_BRAM_32BIT_512DEEP[1].u_FIFO_MAP_BRAM_32BIT_512DEEP/U0/inst_fifo_gen/gconvfifo.rf/grf.rf/rstblk/ngwrdrst.grst.g7serrst.gnsckt_wrst.gic_rst.rst_rd_reg2_inst/arststages_ff[1]                     |                2 |              3 |
|  sys_clk_IBUF_BUFG                                         |                                                                                                                                                               | FIFO_MATRIX_BRAM_32BIT_512DEEP_a[1].u_FIFO_MATRIX_BRAM_32BIT_512DEEP_a/U0/inst_fifo_gen/gconvfifo.rf/grf.rf/rstblk/ngwrdrst.grst.g7serrst.gnsckt_wrst.gic_rst.rst_rd_reg2_inst/arststages_ff[1]           |                1 |              3 |
|  sys_clk_IBUF_BUFG                                         |                                                                                                                                                               | FIFO_MATRIX_BRAM_32BIT_512DEEP_a[0].u_FIFO_MATRIX_BRAM_32BIT_512DEEP_a/U0/inst_fifo_gen/gconvfifo.rf/grf.rf/rstblk/ngwrdrst.grst.g7serrst.gnsckt_wrst.gic_rst.rst_rd_reg2_inst/arststages_ff[1]           |                2 |              3 |
|  sys_clk_IBUF_BUFG                                         |                                                                                                                                                               | FIFO_MATRIX_BRAM_32BIT_512DEEP_b[1].u_FIFO_MATRIX_BRAM_32BIT_512DEEP_b/U0/inst_fifo_gen/gconvfifo.rf/grf.rf/rstblk/ngwrdrst.grst.g7serrst.gnsckt_wrst.gic_rst.rst_rd_reg2_inst/arststages_ff[1]           |                1 |              3 |
|  sys_clk_IBUF_BUFG                                         |                                                                                                                                                               | u_bias_load_fifo/clear__0                                                                                                                                                                                 |                3 |              8 |
|  sys_clk_IBUF_BUFG                                         | u_conv_t/Convs[7].u_conv/filter_size_reg[0][0]                                                                                                                |                                                                                                                                                                                                           |                3 |              8 |
|  sys_clk_IBUF_BUFG                                         |                                                                                                                                                               | FIFO_WEIGHT_BRAM_32BIT_512DEEP[0].u_FIFO_WEIGHT_BRAN_32BIT_512DEEP/U0/inst_fifo_gen/gconvfifo.rf/grf.rf/rstblk/ngwrdrst.grst.g7serrst.gnsckt_wrst.rst_wr_reg2_inst/arststages_ff[1]                       |                2 |              9 |
|  sys_clk_IBUF_BUFG                                         | u_bias_load_fifo/bias_men[1][8]_i_1_n_0                                                                                                                       |                                                                                                                                                                                                           |                3 |              9 |
|  sys_clk_IBUF_BUFG                                         |                                                                                                                                                               | FIFO_ADD_QUANT_MAP_BRAM_32BIT_512DEEP[0].u_FIFO_ADD_QUANT_MAP_BRAM_32BIT_512DEEP/U0/inst_fifo_gen/gconvfifo.rf/grf.rf/rstblk/ngwrdrst.grst.g7serrst.gnsckt_wrst.rst_wr_reg2_inst/arststages_ff[1]         |                2 |              9 |
|  sys_clk_IBUF_BUFG                                         |                                                                                                                                                               | FIFO_ADD_QUANT_MAP_BRAM_32BIT_512DEEP[1].u_FIFO_ADD_QUANT_MAP_BRAM_32BIT_512DEEP/U0/inst_fifo_gen/gconvfifo.rf/grf.rf/rstblk/ngwrdrst.grst.g7serrst.gnsckt_wrst.rst_wr_reg2_inst/arststages_ff[1]         |                2 |              9 |
|  sys_clk_IBUF_BUFG                                         |                                                                                                                                                               | FIFO_ADD_QUANT_MAP_BRAM_32BIT_512DEEP[3].u_FIFO_ADD_QUANT_MAP_BRAM_32BIT_512DEEP/U0/inst_fifo_gen/gconvfifo.rf/grf.rf/rstblk/ngwrdrst.grst.g7serrst.gnsckt_wrst.rst_wr_reg2_inst/arststages_ff[1]         |                2 |              9 |
|  sys_clk_IBUF_BUFG                                         |                                                                                                                                                               | FIFO_MAP_BRAM_32BIT_512DEEP[1].u_FIFO_MAP_BRAM_32BIT_512DEEP/U0/inst_fifo_gen/gconvfifo.rf/grf.rf/rstblk/ngwrdrst.grst.g7serrst.gnsckt_wrst.rst_wr_reg2_inst/arststages_ff[1]                             |                2 |              9 |
|  sys_clk_IBUF_BUFG                                         |                                                                                                                                                               | FIFO_MATRIX_BRAM_32BIT_512DEEP_a[1].u_FIFO_MATRIX_BRAM_32BIT_512DEEP_a/U0/inst_fifo_gen/gconvfifo.rf/grf.rf/rstblk/ngwrdrst.grst.g7serrst.gnsckt_wrst.rst_wr_reg2_inst/arststages_ff[1]                   |                2 |              9 |
|  sys_clk_IBUF_BUFG                                         |                                                                                                                                                               | FIFO_MAP_BRAM_32BIT_512DEEP[0].u_FIFO_MAP_BRAM_32BIT_512DEEP/U0/inst_fifo_gen/gconvfifo.rf/grf.rf/rstblk/ngwrdrst.grst.g7serrst.gnsckt_wrst.rst_wr_reg2_inst/arststages_ff[1]                             |                2 |              9 |
|  sys_clk_IBUF_BUFG                                         |                                                                                                                                                               | u_FIFO_BIAS_DRAM_16BIT_16DEEP/U0/inst_fifo_gen/gconvfifo.rf/grf.rf/rstblk/ngwrdrst.grst.g7serrst.gnsckt_wrst.rst_wr_reg2_inst/arststages_ff[1]                                                            |                2 |              9 |
|  sys_clk_IBUF_BUFG                                         |                                                                                                                                                               | FIFO_ADD_QUANT_MAP_BRAM_32BIT_512DEEP[2].u_FIFO_ADD_QUANT_MAP_BRAM_32BIT_512DEEP/U0/inst_fifo_gen/gconvfifo.rf/grf.rf/rstblk/ngwrdrst.grst.g7serrst.gnsckt_wrst.rst_wr_reg2_inst/arststages_ff[1]         |                2 |              9 |
|  sys_clk_IBUF_BUFG                                         |                                                                                                                                                               | FIFO_MATRIX_BRAM_32BIT_512DEEP_b[1].u_FIFO_MATRIX_BRAM_32BIT_512DEEP_b/U0/inst_fifo_gen/gconvfifo.rf/grf.rf/rstblk/ngwrdrst.grst.g7serrst.gnsckt_wrst.rst_wr_reg2_inst/arststages_ff[1]                   |                2 |              9 |
|  sys_clk_IBUF_BUFG                                         |                                                                                                                                                               | FIFO_MATRIX_BRAM_32BIT_512DEEP_a[0].u_FIFO_MATRIX_BRAM_32BIT_512DEEP_a/U0/inst_fifo_gen/gconvfifo.rf/grf.rf/rstblk/ngwrdrst.grst.g7serrst.gnsckt_wrst.rst_wr_reg2_inst/arststages_ff[1]                   |                2 |              9 |
|  sys_clk_IBUF_BUFG                                         |                                                                                                                                                               | FIFO_MATRIX_BRAM_32BIT_512DEEP_b[0].u_FIFO_MATRIX_BRAM_32BIT_512DEEP_b/U0/inst_fifo_gen/gconvfifo.rf/grf.rf/rstblk/ngwrdrst.grst.g7serrst.gnsckt_wrst.rst_wr_reg2_inst/arststages_ff[1]                   |                2 |              9 |
|  sys_clk_IBUF_BUFG                                         | u_weight_load/start_pooling_reg[0]                                                                                                                            | u_window_t/Windows_t[0].u_window/sys_rst_n                                                                                                                                                                |                4 |             10 |
|  sys_clk_IBUF_BUFG                                         | u_ps_simulator/addra_map[9]_i_1_n_0                                                                                                                           | u_window_t/Windows_t[0].u_window/sys_rst_n                                                                                                                                                                |                2 |             10 |
|  sys_clk_IBUF_BUFG                                         | u_FIFO_BIAS_DRAM_16BIT_16DEEP/U0/inst_fifo_gen/gconvfifo.rf/grf.rf/gntv_or_sync_fifo.gl0.wr/gwas.wsts/E[0]                                                    | u_FIFO_BIAS_DRAM_16BIT_16DEEP/U0/inst_fifo_gen/gconvfifo.rf/grf.rf/rstblk/AR[0]                                                                                                                           |                2 |             12 |
|  sys_clk_IBUF_BUFG                                         | u_bias_load_fifo/bias_men                                                                                                                                     |                                                                                                                                                                                                           |                2 |             16 |
|  sys_clk_IBUF_BUFG                                         | u_bias_load_fifo/bias_men[5][15]_i_1_n_0                                                                                                                      |                                                                                                                                                                                                           |                4 |             16 |
|  sys_clk_IBUF_BUFG                                         | u_add_quant/v_cnt_n_0                                                                                                                                         | u_window_t/Windows_t[0].u_window/sys_rst_n                                                                                                                                                                |                3 |             16 |
|  sys_clk_IBUF_BUFG                                         | u_conv_t/Convs[0].u_conv/v_cnt[15]_i_1__7_n_0                                                                                                                 | u_window_t/Windows_t[0].u_window/sys_rst_n                                                                                                                                                                |                3 |             16 |
|  sys_clk_IBUF_BUFG                                         | u_window_t/Windows_t[3].u_window/v_cnt[15]_i_1__2_n_0                                                                                                         | u_window_t/Windows_t[0].u_window/sys_rst_n                                                                                                                                                                |                3 |             16 |
|  sys_clk_IBUF_BUFG                                         | u_window_t/Windows_t[4].u_window/v_cnt[15]_i_1__3_n_0                                                                                                         | u_window_t/Windows_t[0].u_window/sys_rst_n                                                                                                                                                                |                3 |             16 |
|  sys_clk_IBUF_BUFG                                         | u_window_t/Windows_t[5].u_window/v_cnt[15]_i_1__4_n_0                                                                                                         | u_window_t/Windows_t[0].u_window/sys_rst_n                                                                                                                                                                |                3 |             16 |
|  sys_clk_IBUF_BUFG                                         | u_window_t/Windows_t[6].u_window/v_cnt[15]_i_1__5_n_0                                                                                                         | u_window_t/Windows_t[0].u_window/sys_rst_n                                                                                                                                                                |                3 |             16 |
|  sys_clk_IBUF_BUFG                                         | u_window_t/Windows_t[7].u_window/v_cnt[15]_i_1__6_n_0                                                                                                         | u_window_t/Windows_t[0].u_window/sys_rst_n                                                                                                                                                                |                3 |             16 |
|  sys_clk_IBUF_BUFG                                         | u_matrix_multiplication/cnt_m_n_0                                                                                                                             | u_window_t/Windows_t[0].u_window/sys_rst_n                                                                                                                                                                |                5 |             16 |
|  sys_clk_IBUF_BUFG                                         | u_matrix_multiplication/cnt_n_n_0                                                                                                                             | u_window_t/Windows_t[0].u_window/sys_rst_n                                                                                                                                                                |                3 |             16 |
|  sys_clk_IBUF_BUFG                                         |                                                                                                                                                               | u_weight_load/clear                                                                                                                                                                                       |                4 |             16 |
|  sys_clk_IBUF_BUFG                                         | u_window_t/Windows_t[1].u_window/v_cnt[15]_i_1__0_n_0                                                                                                         | u_window_t/Windows_t[0].u_window/sys_rst_n                                                                                                                                                                |                3 |             16 |
|  sys_clk_IBUF_BUFG                                         | u_window_t/Windows_t[0].u_window/v_cnt[15]_i_1_n_0                                                                                                            | u_window_t/Windows_t[0].u_window/sys_rst_n                                                                                                                                                                |                3 |             16 |
|  sys_clk_IBUF_BUFG                                         | u_window_t/Windows_t[2].u_window/v_cnt[15]_i_1__1_n_0                                                                                                         | u_window_t/Windows_t[0].u_window/sys_rst_n                                                                                                                                                                |                4 |             16 |
|  sys_clk_IBUF_BUFG                                         | u_bias_load_fifo/bias_men[4][15]_i_1_n_0                                                                                                                      |                                                                                                                                                                                                           |                2 |             16 |
|  sys_clk_IBUF_BUFG                                         | FIFO_ADD_QUANT_MAP_BRAM_32BIT_512DEEP[3].u_FIFO_ADD_QUANT_MAP_BRAM_32BIT_512DEEP/U0/inst_fifo_gen/gconvfifo.rf/grf.rf/gntv_or_sync_fifo.gl0.rd/gras.rsts/E[0] | FIFO_ADD_QUANT_MAP_BRAM_32BIT_512DEEP[3].u_FIFO_ADD_QUANT_MAP_BRAM_32BIT_512DEEP/U0/inst_fifo_gen/gconvfifo.rf/grf.rf/rstblk/ngwrdrst.grst.g7serrst.gnsckt_wrst.gic_rst.sckt_rd_rst_ic_reg_0[0]           |                5 |             18 |
|  sys_clk_IBUF_BUFG                                         | FIFO_MAP_BRAM_32BIT_512DEEP[0].u_FIFO_MAP_BRAM_32BIT_512DEEP/U0/inst_fifo_gen/gconvfifo.rf/grf.rf/gntv_or_sync_fifo.gl0.rd/gras.rsts/E[0]                     | FIFO_MAP_BRAM_32BIT_512DEEP[0].u_FIFO_MAP_BRAM_32BIT_512DEEP/U0/inst_fifo_gen/gconvfifo.rf/grf.rf/rstblk/ngwrdrst.grst.g7serrst.gnsckt_wrst.gic_rst.sckt_rd_rst_ic_reg_0[0]                               |                5 |             18 |
|  sys_clk_IBUF_BUFG                                         | FIFO_MATRIX_BRAM_32BIT_512DEEP_a[1].u_FIFO_MATRIX_BRAM_32BIT_512DEEP_a/U0/inst_fifo_gen/gconvfifo.rf/grf.rf/gntv_or_sync_fifo.gl0.rd/gras.rsts/E[0]           | FIFO_MATRIX_BRAM_32BIT_512DEEP_a[1].u_FIFO_MATRIX_BRAM_32BIT_512DEEP_a/U0/inst_fifo_gen/gconvfifo.rf/grf.rf/rstblk/ngwrdrst.grst.g7serrst.gnsckt_wrst.gic_rst.sckt_rd_rst_ic_reg_0[0]                     |                4 |             18 |
|  sys_clk_IBUF_BUFG                                         | FIFO_ADD_QUANT_MAP_BRAM_32BIT_512DEEP[1].u_FIFO_ADD_QUANT_MAP_BRAM_32BIT_512DEEP/U0/inst_fifo_gen/gconvfifo.rf/grf.rf/gntv_or_sync_fifo.gl0.rd/gras.rsts/E[0] | FIFO_ADD_QUANT_MAP_BRAM_32BIT_512DEEP[1].u_FIFO_ADD_QUANT_MAP_BRAM_32BIT_512DEEP/U0/inst_fifo_gen/gconvfifo.rf/grf.rf/rstblk/ngwrdrst.grst.g7serrst.gnsckt_wrst.gic_rst.sckt_rd_rst_ic_reg_0[0]           |                3 |             18 |
|  sys_clk_IBUF_BUFG                                         | FIFO_ADD_QUANT_MAP_BRAM_32BIT_512DEEP[0].u_FIFO_ADD_QUANT_MAP_BRAM_32BIT_512DEEP/U0/inst_fifo_gen/gconvfifo.rf/grf.rf/gntv_or_sync_fifo.gl0.rd/gras.rsts/E[0] | FIFO_ADD_QUANT_MAP_BRAM_32BIT_512DEEP[0].u_FIFO_ADD_QUANT_MAP_BRAM_32BIT_512DEEP/U0/inst_fifo_gen/gconvfifo.rf/grf.rf/rstblk/ngwrdrst.grst.g7serrst.gnsckt_wrst.gic_rst.sckt_rd_rst_ic_reg_0[0]           |                3 |             18 |
|  sys_clk_IBUF_BUFG                                         | FIFO_MATRIX_BRAM_32BIT_512DEEP_a[0].u_FIFO_MATRIX_BRAM_32BIT_512DEEP_a/U0/inst_fifo_gen/gconvfifo.rf/grf.rf/gntv_or_sync_fifo.gl0.rd/gras.rsts/E[0]           | FIFO_MATRIX_BRAM_32BIT_512DEEP_a[0].u_FIFO_MATRIX_BRAM_32BIT_512DEEP_a/U0/inst_fifo_gen/gconvfifo.rf/grf.rf/rstblk/ngwrdrst.grst.g7serrst.gnsckt_wrst.gic_rst.sckt_rd_rst_ic_reg_0[0]                     |                4 |             18 |
|  sys_clk_IBUF_BUFG                                         | FIFO_ADD_QUANT_MAP_BRAM_32BIT_512DEEP[2].u_FIFO_ADD_QUANT_MAP_BRAM_32BIT_512DEEP/U0/inst_fifo_gen/gconvfifo.rf/grf.rf/gntv_or_sync_fifo.gl0.rd/gras.rsts/E[0] | FIFO_ADD_QUANT_MAP_BRAM_32BIT_512DEEP[2].u_FIFO_ADD_QUANT_MAP_BRAM_32BIT_512DEEP/U0/inst_fifo_gen/gconvfifo.rf/grf.rf/rstblk/ngwrdrst.grst.g7serrst.gnsckt_wrst.gic_rst.sckt_rd_rst_ic_reg_0[0]           |                3 |             18 |
|  sys_clk_IBUF_BUFG                                         | FIFO_MAP_BRAM_32BIT_512DEEP[1].u_FIFO_MAP_BRAM_32BIT_512DEEP/U0/inst_fifo_gen/gconvfifo.rf/grf.rf/gntv_or_sync_fifo.gl0.rd/gras.rsts/E[0]                     | FIFO_MAP_BRAM_32BIT_512DEEP[1].u_FIFO_MAP_BRAM_32BIT_512DEEP/U0/inst_fifo_gen/gconvfifo.rf/grf.rf/rstblk/ngwrdrst.grst.g7serrst.gnsckt_wrst.gic_rst.sckt_rd_rst_ic_reg_0[0]                               |                4 |             18 |
|  sys_clk_IBUF_BUFG                                         | FIFO_MATRIX_BRAM_32BIT_512DEEP_b[0].u_FIFO_MATRIX_BRAM_32BIT_512DEEP_b/U0/inst_fifo_gen/gconvfifo.rf/grf.rf/gntv_or_sync_fifo.gl0.rd/gras.rsts/E[0]           | FIFO_MATRIX_BRAM_32BIT_512DEEP_b[0].u_FIFO_MATRIX_BRAM_32BIT_512DEEP_b/U0/inst_fifo_gen/gconvfifo.rf/grf.rf/rstblk/ngwrdrst.grst.g7serrst.gnsckt_wrst.gic_rst.sckt_rd_rst_ic_reg_0[0]                     |                4 |             18 |
|  sys_clk_IBUF_BUFG                                         | FIFO_MATRIX_BRAM_32BIT_512DEEP_b[1].u_FIFO_MATRIX_BRAM_32BIT_512DEEP_b/U0/inst_fifo_gen/gconvfifo.rf/grf.rf/gntv_or_sync_fifo.gl0.rd/gras.rsts/E[0]           | FIFO_MATRIX_BRAM_32BIT_512DEEP_b[1].u_FIFO_MATRIX_BRAM_32BIT_512DEEP_b/U0/inst_fifo_gen/gconvfifo.rf/grf.rf/rstblk/ngwrdrst.grst.g7serrst.gnsckt_wrst.gic_rst.sckt_rd_rst_ic_reg_0[0]                     |                4 |             18 |
|  sys_clk_IBUF_BUFG                                         | FIFO_WEIGHT_BRAM_32BIT_512DEEP[0].u_FIFO_WEIGHT_BRAN_32BIT_512DEEP/U0/inst_fifo_gen/gconvfifo.rf/grf.rf/gntv_or_sync_fifo.gl0.rd/gras.rsts/E[0]               | FIFO_WEIGHT_BRAM_32BIT_512DEEP[0].u_FIFO_WEIGHT_BRAN_32BIT_512DEEP/U0/inst_fifo_gen/gconvfifo.rf/grf.rf/rstblk/ngwrdrst.grst.g7serrst.gnsckt_wrst.gic_rst.sckt_rd_rst_ic_reg_0[0]                         |                6 |             18 |
| ~u_window_t/Windows_t[5].u_window/tap_reg[0][7]_i_5__4_n_0 |                                                                                                                                                               |                                                                                                                                                                                                           |               14 |             24 |
| ~u_window_t/Windows_t[6].u_window/tap_reg[0][7]_i_5__5_n_0 |                                                                                                                                                               |                                                                                                                                                                                                           |               12 |             24 |
| ~u_window_t/Windows_t[7].u_window/tap_reg[0][7]_i_5__6_n_0 |                                                                                                                                                               |                                                                                                                                                                                                           |               11 |             24 |
| ~u_window_t/Windows_t[0].u_window/tap_reg[0][7]_i_5_n_0    |                                                                                                                                                               |                                                                                                                                                                                                           |               16 |             24 |
|  sys_clk_IBUF_BUFG                                         | u_conv_t/Convs[7].u_conv/filter_size_reg[1]_rep__0[0]                                                                                                         |                                                                                                                                                                                                           |                5 |             24 |
| ~u_window_t/Windows_t[1].u_window/tap_reg[0][7]_i_5__0_n_0 |                                                                                                                                                               |                                                                                                                                                                                                           |               13 |             24 |
| ~u_window_t/Windows_t[2].u_window/tap_reg[0][7]_i_5__1_n_0 |                                                                                                                                                               |                                                                                                                                                                                                           |               17 |             24 |
| ~u_window_t/Windows_t[3].u_window/tap_reg[0][7]_i_5__2_n_0 |                                                                                                                                                               |                                                                                                                                                                                                           |               15 |             24 |
| ~u_window_t/Windows_t[4].u_window/tap_reg[0][7]_i_5__3_n_0 |                                                                                                                                                               |                                                                                                                                                                                                           |               17 |             24 |
|  sys_clk_IBUF_BUFG                                         | u_FIFO_BIAS_DRAM_16BIT_16DEEP/U0/inst_fifo_gen/gconvfifo.rf/grf.rf/gntv_or_sync_fifo.gl0.rd/gras.rsts/E[0]                                                    | u_FIFO_BIAS_DRAM_16BIT_16DEEP/U0/inst_fifo_gen/gconvfifo.rf/grf.rf/rstblk/ngwrdrst.grst.g7serrst.gnsckt_wrst.gic_rst.sckt_rd_rst_ic_reg_0[0]                                                              |                5 |             24 |
|  sys_clk_IBUF_BUFG                                         | u_FIFO_BIAS_DRAM_16BIT_16DEEP/U0/inst_fifo_gen/gconvfifo.rf/grf.rf/gntv_or_sync_fifo.gl0.wr/gwas.wsts/E[0]                                                    |                                                                                                                                                                                                           |                3 |             24 |
|  sys_clk_IBUF_BUFG                                         | FIFO_ADD_QUANT_MAP_BRAM_32BIT_512DEEP[2].u_FIFO_ADD_QUANT_MAP_BRAM_32BIT_512DEEP/U0/inst_fifo_gen/gconvfifo.rf/grf.rf/gntv_or_sync_fifo.gl0.wr/gwas.wsts/E[0] | FIFO_ADD_QUANT_MAP_BRAM_32BIT_512DEEP[2].u_FIFO_ADD_QUANT_MAP_BRAM_32BIT_512DEEP/U0/inst_fifo_gen/gconvfifo.rf/grf.rf/rstblk/AR[0]                                                                        |                9 |             27 |
|  sys_clk_IBUF_BUFG                                         | FIFO_ADD_QUANT_MAP_BRAM_32BIT_512DEEP[1].u_FIFO_ADD_QUANT_MAP_BRAM_32BIT_512DEEP/U0/inst_fifo_gen/gconvfifo.rf/grf.rf/gntv_or_sync_fifo.gl0.wr/gwas.wsts/E[0] | FIFO_ADD_QUANT_MAP_BRAM_32BIT_512DEEP[1].u_FIFO_ADD_QUANT_MAP_BRAM_32BIT_512DEEP/U0/inst_fifo_gen/gconvfifo.rf/grf.rf/rstblk/AR[0]                                                                        |                5 |             27 |
|  sys_clk_IBUF_BUFG                                         | FIFO_MATRIX_BRAM_32BIT_512DEEP_a[1].u_FIFO_MATRIX_BRAM_32BIT_512DEEP_a/U0/inst_fifo_gen/gconvfifo.rf/grf.rf/gntv_or_sync_fifo.gl0.wr/gwas.wsts/E[0]           | FIFO_MATRIX_BRAM_32BIT_512DEEP_a[1].u_FIFO_MATRIX_BRAM_32BIT_512DEEP_a/U0/inst_fifo_gen/gconvfifo.rf/grf.rf/rstblk/AR[0]                                                                                  |                5 |             27 |
|  sys_clk_IBUF_BUFG                                         | FIFO_ADD_QUANT_MAP_BRAM_32BIT_512DEEP[3].u_FIFO_ADD_QUANT_MAP_BRAM_32BIT_512DEEP/U0/inst_fifo_gen/gconvfifo.rf/grf.rf/gntv_or_sync_fifo.gl0.wr/gwas.wsts/E[0] | FIFO_ADD_QUANT_MAP_BRAM_32BIT_512DEEP[3].u_FIFO_ADD_QUANT_MAP_BRAM_32BIT_512DEEP/U0/inst_fifo_gen/gconvfifo.rf/grf.rf/rstblk/AR[0]                                                                        |                8 |             27 |
|  sys_clk_IBUF_BUFG                                         | FIFO_MATRIX_BRAM_32BIT_512DEEP_b[0].u_FIFO_MATRIX_BRAM_32BIT_512DEEP_b/U0/inst_fifo_gen/gconvfifo.rf/grf.rf/gntv_or_sync_fifo.gl0.wr/gwas.wsts/E[0]           | FIFO_MATRIX_BRAM_32BIT_512DEEP_b[0].u_FIFO_MATRIX_BRAM_32BIT_512DEEP_b/U0/inst_fifo_gen/gconvfifo.rf/grf.rf/rstblk/AR[0]                                                                                  |                6 |             27 |
|  sys_clk_IBUF_BUFG                                         | FIFO_ADD_QUANT_MAP_BRAM_32BIT_512DEEP[0].u_FIFO_ADD_QUANT_MAP_BRAM_32BIT_512DEEP/U0/inst_fifo_gen/gconvfifo.rf/grf.rf/gntv_or_sync_fifo.gl0.wr/gwas.wsts/E[0] | FIFO_ADD_QUANT_MAP_BRAM_32BIT_512DEEP[0].u_FIFO_ADD_QUANT_MAP_BRAM_32BIT_512DEEP/U0/inst_fifo_gen/gconvfifo.rf/grf.rf/rstblk/AR[0]                                                                        |                8 |             27 |
|  sys_clk_IBUF_BUFG                                         | FIFO_MATRIX_BRAM_32BIT_512DEEP_b[1].u_FIFO_MATRIX_BRAM_32BIT_512DEEP_b/U0/inst_fifo_gen/gconvfifo.rf/grf.rf/gntv_or_sync_fifo.gl0.wr/gwas.wsts/E[0]           | FIFO_MATRIX_BRAM_32BIT_512DEEP_b[1].u_FIFO_MATRIX_BRAM_32BIT_512DEEP_b/U0/inst_fifo_gen/gconvfifo.rf/grf.rf/rstblk/AR[0]                                                                                  |                6 |             27 |
|  sys_clk_IBUF_BUFG                                         | FIFO_MAP_BRAM_32BIT_512DEEP[0].u_FIFO_MAP_BRAM_32BIT_512DEEP/U0/inst_fifo_gen/gconvfifo.rf/grf.rf/gntv_or_sync_fifo.gl0.wr/gwas.wsts/E[0]                     | FIFO_MAP_BRAM_32BIT_512DEEP[0].u_FIFO_MAP_BRAM_32BIT_512DEEP/U0/inst_fifo_gen/gconvfifo.rf/grf.rf/rstblk/AR[0]                                                                                            |                5 |             27 |
|  sys_clk_IBUF_BUFG                                         | FIFO_WEIGHT_BRAM_32BIT_512DEEP[0].u_FIFO_WEIGHT_BRAN_32BIT_512DEEP/U0/inst_fifo_gen/gconvfifo.rf/grf.rf/gntv_or_sync_fifo.gl0.wr/gwas.wsts/E[0]               | FIFO_WEIGHT_BRAM_32BIT_512DEEP[0].u_FIFO_WEIGHT_BRAN_32BIT_512DEEP/U0/inst_fifo_gen/gconvfifo.rf/grf.rf/rstblk/AR[0]                                                                                      |                6 |             27 |
|  sys_clk_IBUF_BUFG                                         | FIFO_MAP_BRAM_32BIT_512DEEP[1].u_FIFO_MAP_BRAM_32BIT_512DEEP/U0/inst_fifo_gen/gconvfifo.rf/grf.rf/gntv_or_sync_fifo.gl0.wr/gwas.wsts/E[0]                     | FIFO_MAP_BRAM_32BIT_512DEEP[1].u_FIFO_MAP_BRAM_32BIT_512DEEP/U0/inst_fifo_gen/gconvfifo.rf/grf.rf/rstblk/AR[0]                                                                                            |                4 |             27 |
|  sys_clk_IBUF_BUFG                                         | FIFO_MATRIX_BRAM_32BIT_512DEEP_a[0].u_FIFO_MATRIX_BRAM_32BIT_512DEEP_a/U0/inst_fifo_gen/gconvfifo.rf/grf.rf/gntv_or_sync_fifo.gl0.wr/gwas.wsts/E[0]           | FIFO_MATRIX_BRAM_32BIT_512DEEP_a[0].u_FIFO_MATRIX_BRAM_32BIT_512DEEP_a/U0/inst_fifo_gen/gconvfifo.rf/grf.rf/rstblk/AR[0]                                                                                  |                5 |             27 |
|  sys_clk_IBUF_BUFG                                         | u_weight_load/weight_men[0][52][7]_i_1_n_0                                                                                                                    |                                                                                                                                                                                                           |               12 |             32 |
|  sys_clk_IBUF_BUFG                                         | u_weight_load/weight_men[0][60][7]_i_1_n_0                                                                                                                    |                                                                                                                                                                                                           |                9 |             32 |
|  sys_clk_IBUF_BUFG                                         | u_weight_load/weight_men[0][58][7]_i_1_n_0                                                                                                                    |                                                                                                                                                                                                           |               12 |             32 |
|  sys_clk_IBUF_BUFG                                         | u_weight_load/weight_men[0][45][7]_i_1_n_0                                                                                                                    |                                                                                                                                                                                                           |                6 |             32 |
|  sys_clk_IBUF_BUFG                                         | u_weight_load/weight_men[0][39][7]_i_1_n_0                                                                                                                    |                                                                                                                                                                                                           |               15 |             32 |
|  sys_clk_IBUF_BUFG                                         | u_weight_load/weight_men[0][50][7]_i_1_n_0                                                                                                                    |                                                                                                                                                                                                           |               14 |             32 |
|  sys_clk_IBUF_BUFG                                         | u_weight_load/weight_men[0][59][7]_i_1_n_0                                                                                                                    |                                                                                                                                                                                                           |               14 |             32 |
|  sys_clk_IBUF_BUFG                                         | u_weight_load/weight_men[0][61][7]_i_1_n_0                                                                                                                    |                                                                                                                                                                                                           |               10 |             32 |
|  sys_clk_IBUF_BUFG                                         | u_weight_load/weight_men[0][65][7]_i_1_n_0                                                                                                                    |                                                                                                                                                                                                           |               12 |             32 |
|  sys_clk_IBUF_BUFG                                         | u_weight_load/weight_men[0][28][7]_i_1_n_0                                                                                                                    |                                                                                                                                                                                                           |               12 |             32 |
|  sys_clk_IBUF_BUFG                                         | u_weight_load/weight_men[0][46][7]_i_1_n_0                                                                                                                    |                                                                                                                                                                                                           |               12 |             32 |
|  sys_clk_IBUF_BUFG                                         | u_weight_load/weight_men[0][36][7]_i_1_n_0                                                                                                                    |                                                                                                                                                                                                           |                8 |             32 |
|  sys_clk_IBUF_BUFG                                         | u_weight_load/weight_men[0][25][7]_i_1_n_0                                                                                                                    |                                                                                                                                                                                                           |                9 |             32 |
|  sys_clk_IBUF_BUFG                                         | u_weight_load/weight_men[0][34][7]_i_1_n_0                                                                                                                    |                                                                                                                                                                                                           |               13 |             32 |
|  sys_clk_IBUF_BUFG                                         | u_weight_load/weight_men[0][35][7]_i_1_n_0                                                                                                                    |                                                                                                                                                                                                           |               13 |             32 |
|  sys_clk_IBUF_BUFG                                         | u_weight_load/weight_men[0][40][7]_i_1_n_0                                                                                                                    |                                                                                                                                                                                                           |               16 |             32 |
|  sys_clk_IBUF_BUFG                                         | u_weight_load/weight_men[0][2][7]_i_1_n_0                                                                                                                     |                                                                                                                                                                                                           |               11 |             32 |
|  sys_clk_IBUF_BUFG                                         | u_weight_load/weight_men[0][27][7]_i_1_n_0                                                                                                                    |                                                                                                                                                                                                           |               11 |             32 |
|  sys_clk_IBUF_BUFG                                         | u_weight_load/weight_men[0][29][7]_i_1_n_0                                                                                                                    |                                                                                                                                                                                                           |               10 |             32 |
|  sys_clk_IBUF_BUFG                                         | u_weight_load/weight_men[0][47][7]_i_1_n_0                                                                                                                    |                                                                                                                                                                                                           |               13 |             32 |
|  sys_clk_IBUF_BUFG                                         | u_weight_load/weight_men[0][4][7]_i_1_n_0                                                                                                                     |                                                                                                                                                                                                           |                8 |             32 |
|  sys_clk_IBUF_BUFG                                         | u_weight_load/weight_men[0][55][7]_i_1_n_0                                                                                                                    |                                                                                                                                                                                                           |               15 |             32 |
|  sys_clk_IBUF_BUFG                                         | u_weight_load/weight_men[0][56][7]_i_1_n_0                                                                                                                    |                                                                                                                                                                                                           |               12 |             32 |
|  sys_clk_IBUF_BUFG                                         | u_weight_load/weight_men[0][5][7]_i_1_n_0                                                                                                                     |                                                                                                                                                                                                           |                8 |             32 |
|  sys_clk_IBUF_BUFG                                         | u_weight_load/weight_men[0][3][7]_i_1_n_0                                                                                                                     |                                                                                                                                                                                                           |               11 |             32 |
|  sys_clk_IBUF_BUFG                                         | u_weight_load/weight_men[0][63][7]_i_1_n_0                                                                                                                    |                                                                                                                                                                                                           |                8 |             32 |
|  sys_clk_IBUF_BUFG                                         | u_weight_load/weight_men[0][64][7]_i_1_n_0                                                                                                                    |                                                                                                                                                                                                           |               10 |             32 |
|  sys_clk_IBUF_BUFG                                         | u_weight_load/weight_men[0][66][7]_i_1_n_0                                                                                                                    |                                                                                                                                                                                                           |               10 |             32 |
|  sys_clk_IBUF_BUFG                                         | u_weight_load/weight_men[0][37][7]_i_1_n_0                                                                                                                    |                                                                                                                                                                                                           |               18 |             32 |
|  sys_clk_IBUF_BUFG                                         | u_weight_load/weight_men[0][51][7]_i_1_n_0                                                                                                                    |                                                                                                                                                                                                           |               12 |             32 |
|  sys_clk_IBUF_BUFG                                         | u_weight_load/weight_men[0][53][7]_i_1_n_0                                                                                                                    |                                                                                                                                                                                                           |               12 |             32 |
|  sys_clk_IBUF_BUFG                                         | u_weight_load/weight_men[0][48][7]_i_1_n_0                                                                                                                    |                                                                                                                                                                                                           |               12 |             32 |
|  sys_clk_IBUF_BUFG                                         | u_weight_load/weight_men[0][69][7]_i_1_n_0                                                                                                                    |                                                                                                                                                                                                           |                9 |             32 |
|  sys_clk_IBUF_BUFG                                         | u_weight_load/weight_men[0][33][7]_i_1_n_0                                                                                                                    |                                                                                                                                                                                                           |               13 |             32 |
|  sys_clk_IBUF_BUFG                                         | u_weight_load/weight_men[0][6][7]_i_1_n_0                                                                                                                     |                                                                                                                                                                                                           |                9 |             32 |
|  sys_clk_IBUF_BUFG                                         | u_weight_load/weight_men[0][70][7]_i_1_n_0                                                                                                                    |                                                                                                                                                                                                           |               12 |             32 |
|  sys_clk_IBUF_BUFG                                         | u_weight_load/weight_men[0][24][7]_i_1_n_0                                                                                                                    |                                                                                                                                                                                                           |               13 |             32 |
|  sys_clk_IBUF_BUFG                                         | u_weight_load/weight_men[0][32][7]_i_1_n_0                                                                                                                    |                                                                                                                                                                                                           |               15 |             32 |
|  sys_clk_IBUF_BUFG                                         | u_weight_load/weight_men[0][42][7]_i_1_n_0                                                                                                                    |                                                                                                                                                                                                           |               14 |             32 |
|  sys_clk_IBUF_BUFG                                         | u_weight_load/weight_men[0][26][7]_i_1_n_0                                                                                                                    |                                                                                                                                                                                                           |                9 |             32 |
|  sys_clk_IBUF_BUFG                                         | u_weight_load/weight_men[0][49][7]_i_1_n_0                                                                                                                    |                                                                                                                                                                                                           |               13 |             32 |
|  sys_clk_IBUF_BUFG                                         | u_weight_load/weight_men[0][10][7]_i_1_n_0                                                                                                                    |                                                                                                                                                                                                           |               12 |             32 |
|  sys_clk_IBUF_BUFG                                         | u_weight_load/weight_men[0][67][7]_i_1_n_0                                                                                                                    |                                                                                                                                                                                                           |               10 |             32 |
|  sys_clk_IBUF_BUFG                                         | u_weight_load/weight_men[0][54][7]_i_1_n_0                                                                                                                    |                                                                                                                                                                                                           |               10 |             32 |
|  sys_clk_IBUF_BUFG                                         | u_weight_load/weight_men[0][41][7]_i_1_n_0                                                                                                                    |                                                                                                                                                                                                           |               17 |             32 |
|  sys_clk_IBUF_BUFG                                         | u_weight_load/weight_men[0][62][7]_i_1_n_0                                                                                                                    |                                                                                                                                                                                                           |               14 |             32 |
|  sys_clk_IBUF_BUFG                                         | u_weight_load/weight_men[0][38][7]_i_1_n_0                                                                                                                    |                                                                                                                                                                                                           |               15 |             32 |
|  sys_clk_IBUF_BUFG                                         | u_weight_load/weight_men[0][7][7]_i_1_n_0                                                                                                                     |                                                                                                                                                                                                           |               10 |             32 |
|  sys_clk_IBUF_BUFG                                         | u_weight_load/weight_men[0][9][7]_i_1_n_0                                                                                                                     |                                                                                                                                                                                                           |               12 |             32 |
|  sys_clk_IBUF_BUFG                                         | u_weight_load/weight_men[0][8][7]_i_1_n_0                                                                                                                     |                                                                                                                                                                                                           |               13 |             32 |
|  sys_clk_IBUF_BUFG                                         | u_weight_load/weight_men[0][71][7]_i_1_n_0                                                                                                                    |                                                                                                                                                                                                           |                6 |             32 |
|  sys_clk_IBUF_BUFG                                         | u_weight_load/weight_men[0][22][7]_i_1_n_0                                                                                                                    |                                                                                                                                                                                                           |               10 |             32 |
|  sys_clk_IBUF_BUFG                                         | u_weight_load/weight_men[0][23][7]_i_1_n_0                                                                                                                    |                                                                                                                                                                                                           |               12 |             32 |
|  sys_clk_IBUF_BUFG                                         | u_weight_load/weight_men[0][68][7]_i_1_n_0                                                                                                                    |                                                                                                                                                                                                           |               11 |             32 |
|  sys_clk_IBUF_BUFG                                         | u_weight_load/weight_men[0][44][7]_i_1_n_0                                                                                                                    |                                                                                                                                                                                                           |               16 |             32 |
|  sys_clk_IBUF_BUFG                                         | u_weight_load/weight_men[0][30][7]_i_1_n_0                                                                                                                    |                                                                                                                                                                                                           |               12 |             32 |
|  sys_clk_IBUF_BUFG                                         | u_weight_load/weight_men[0][31][7]_i_1_n_0                                                                                                                    |                                                                                                                                                                                                           |               15 |             32 |
|  sys_clk_IBUF_BUFG                                         | u_weight_load/weight_men[0][43][7]_i_1_n_0                                                                                                                    |                                                                                                                                                                                                           |               11 |             32 |
|  sys_clk_IBUF_BUFG                                         | u_weight_load/weight_men[0][57][7]_i_1_n_0                                                                                                                    |                                                                                                                                                                                                           |               12 |             32 |
|  sys_clk_IBUF_BUFG                                         | u_weight_load/weight_men[0][16][7]_i_1_n_0                                                                                                                    |                                                                                                                                                                                                           |               10 |             32 |
|  sys_clk_IBUF_BUFG                                         | u_weight_load/weight_men[0][11][7]_i_1_n_0                                                                                                                    |                                                                                                                                                                                                           |               11 |             32 |
|  sys_clk_IBUF_BUFG                                         | u_weight_load/weight_men[0][13][7]_i_1_n_0                                                                                                                    |                                                                                                                                                                                                           |               11 |             32 |
|  sys_clk_IBUF_BUFG                                         | u_weight_load/weight_men[0][15][7]_i_1_n_0                                                                                                                    |                                                                                                                                                                                                           |               14 |             32 |
|  sys_clk_IBUF_BUFG                                         | u_weight_load/weight_men[0][17][7]_i_1_n_0                                                                                                                    |                                                                                                                                                                                                           |               10 |             32 |
|  sys_clk_IBUF_BUFG                                         | u_weight_load/weight_men[0][19][7]_i_1_n_0                                                                                                                    |                                                                                                                                                                                                           |                9 |             32 |
|  sys_clk_IBUF_BUFG                                         | u_weight_load/weight_men[0][21][7]_i_1_n_0                                                                                                                    |                                                                                                                                                                                                           |               12 |             32 |
|  sys_clk_IBUF_BUFG                                         | u_weight_load/weight_men[0][12][7]_i_1_n_0                                                                                                                    |                                                                                                                                                                                                           |               12 |             32 |
|  sys_clk_IBUF_BUFG                                         | u_weight_load/weight_men[0][14][7]_i_1_n_0                                                                                                                    |                                                                                                                                                                                                           |                8 |             32 |
|  sys_clk_IBUF_BUFG                                         | u_weight_load/weight_men[0][18][7]_i_1_n_0                                                                                                                    |                                                                                                                                                                                                           |                8 |             32 |
|  sys_clk_IBUF_BUFG                                         | u_weight_load/weight_men[0][1][7]_i_1_n_0                                                                                                                     |                                                                                                                                                                                                           |               13 |             32 |
|  sys_clk_IBUF_BUFG                                         | u_weight_load/weight_men[0][20][7]_i_1_n_0                                                                                                                    |                                                                                                                                                                                                           |               11 |             32 |
|  sys_clk_IBUF_BUFG                                         | u_weight_load/weight_men                                                                                                                                      |                                                                                                                                                                                                           |                9 |             32 |
|  sys_clk_IBUF_BUFG                                         | u_conv_t/Convs[7].u_conv/filter_size_reg[0]_rep__0[0]                                                                                                         |                                                                                                                                                                                                           |               11 |             40 |
|  sys_clk_IBUF_BUFG                                         | u_conv_t/Convs[7].u_conv/taps_valid_d0_reg_0[0]                                                                                                               |                                                                                                                                                                                                           |               22 |             56 |
|  sys_clk_IBUF_BUFG                                         | u_window_t/Windows_t[4].u_window/data_in_valid_total                                                                                                          |                                                                                                                                                                                                           |               20 |            144 |
|  sys_clk_IBUF_BUFG                                         | u_window_t/Windows_t[1].u_window/data_in_valid_total                                                                                                          |                                                                                                                                                                                                           |               19 |            144 |
|  sys_clk_IBUF_BUFG                                         | u_window_t/Windows_t[5].u_window/data_in_valid_total                                                                                                          |                                                                                                                                                                                                           |               22 |            144 |
|  sys_clk_IBUF_BUFG                                         | u_window_t/Windows_t[3].u_window/data_in_valid_total                                                                                                          |                                                                                                                                                                                                           |               19 |            144 |
|  sys_clk_IBUF_BUFG                                         | u_window_t/Windows_t[2].u_window/data_in_valid_total                                                                                                          |                                                                                                                                                                                                           |               20 |            144 |
|  sys_clk_IBUF_BUFG                                         | u_window_t/Windows_t[7].u_window/data_in_valid_total                                                                                                          |                                                                                                                                                                                                           |               19 |            144 |
|  sys_clk_IBUF_BUFG                                         | u_window_t/Windows_t[0].u_window/data_in_valid_total                                                                                                          |                                                                                                                                                                                                           |               20 |            144 |
|  sys_clk_IBUF_BUFG                                         | u_window_t/Windows_t[6].u_window/data_in_valid_total                                                                                                          |                                                                                                                                                                                                           |               21 |            144 |
|  sys_clk_IBUF_BUFG                                         | u_conv_t/Convs[7].u_conv/taps_valid_d0_reg_1[0]                                                                                                               |                                                                                                                                                                                                           |               47 |            168 |
|  sys_clk_IBUF_BUFG                                         | u_conv_t/Convs[7].u_conv/E[0]                                                                                                                                 |                                                                                                                                                                                                           |               82 |            280 |
|  bit_mode_reg_n_0_BUFG                                     |                                                                                                                                                               |                                                                                                                                                                                                           |              735 |           2016 |
| ~bit_mode_reg_n_0_BUFG                                     |                                                                                                                                                               |                                                                                                                                                                                                           |             1002 |           2880 |
|  sys_clk_IBUF_BUFG                                         |                                                                                                                                                               | u_window_t/Windows_t[0].u_window/sys_rst_n                                                                                                                                                                |             2399 |           8614 |
|  sys_clk_IBUF_BUFG                                         |                                                                                                                                                               |                                                                                                                                                                                                           |             2485 |          10479 |
+------------------------------------------------------------+---------------------------------------------------------------------------------------------------------------------------------------------------------------+-----------------------------------------------------------------------------------------------------------------------------------------------------------------------------------------------------------+------------------+----------------+


